// Jest Snapshot v1, https://goo.gl/fbAQLP

exports[`Test BottomSheet should render bottomsheet with passed children 1`] = `
<RNCSafeAreaProvider
  onInsetsChange={[Function]}
  style={
    Array [
      Object {
        "flex": 1,
      },
      undefined,
    ]
  }
>
  <Modal
    animationType="slide"
    hardwareAccelerated={false}
    transparent={true}
    visible={true}
  >
    <View
      style={
        Array [
          Object {
            "backgroundColor": "#000000C0",
            "flex": 1,
            "justifyContent": "flex-end",
          },
          Object {
            "paddingBottom": 0,
          },
        ]
      }
    >
      <View
        onLayout={[Function]}
        style={
          Array [
            Object {
              "backgroundColor": "#2C2D2F",
              "borderTopLeftRadius": 8,
              "borderTopRightRadius": 8,
              "padding": 24,
            },
            Object {
              "paddingBottom": 0,
            },
          ]
        }
      >
        <Text>
          Hello
        </Text>
        <Text>
          BottomSheet
        </Text>
      </View>
    </View>
  </Modal>
</RNCSafeAreaProvider>
`;
